============================= test session starts ==============================
platform linux -- Python 3.12.14, pytest-8.3.4, pluggy-1.6.0 -- /usr/local/bin/python
cachedir: .pytest_cache
rootdir: /app
configfile: pytest.ini
plugins: anyio-4.14.2
collecting ... collected 174 items

tests/test_cloud_p1_2_eligibility.py::test_demo_adapter_checkout_is_ineligible PASSED [  0%]
tests/test_cloud_p1_2_eligibility.py::test_manual_demo_style_request_remains_ineligible PASSED [  1%]
tests/test_cloud_p1_2_eligibility.py::test_enterprise_without_quote_approval_ineligible PASSED [  1%]
tests/test_cloud_p1_2_eligibility.py::test_missing_or_unvalidated_template_ineligible PASSED [  2%]
tests/test_cloud_p1_2_eligibility.py::test_inactive_subscription_rejected PASSED [  2%]
tests/test_cloud_p1_2_eligibility.py::test_wrong_product_line_rejected PASSED [  3%]
tests/test_cloud_p1_2_eligibility.py::test_only_approved_real_adapter_request_eligible PASSED [  4%]
tests/test_cloud_p1_2_eligibility.py::test_real_claim_skips_demo_rows PASSED [  4%]
tests/test_cloud_p1_2_eligibility.py::test_two_eligible_jobs_retain_atomic_claim PASSED [  5%]
tests/test_cloud_p1_2_eligibility.py::test_eligibility_creates_no_runtime_resources PASSED [  5%]
tests/test_cloud_p1_3_durable_approval.py::test_migration_existing_request_becomes_unapproved PASSED [  6%]
tests/test_cloud_p1_3_durable_approval.py::test_migration_fields_added_idempotently PASSED [  6%]
tests/test_cloud_p1_3_durable_approval.py::test_migration_changes_no_request_status PASSED [  7%]
tests/test_cloud_p1_3_durable_approval.py::test_migration_creates_no_runtime PASSED [  8%]
tests/test_cloud_p1_3_durable_approval.py::test_customer_cannot_approve PASSED [  8%]
tests/test_cloud_p1_3_durable_approval.py::test_unauthorized_user_cannot_approve PASSED [  9%]
tests/test_cloud_p1_3_durable_approval.py::test_authorized_operator_can_approve_valid_request PASSED [  9%]
tests/test_cloud_p1_3_durable_approval.py::test_approval_records_operator_and_timestamp PASSED [ 10%]
tests/test_cloud_p1_3_durable_approval.py::test_revocation_clears_approval_safely PASSED [ 10%]
tests/test_cloud_p1_3_durable_approval.py::test_demo_request_cannot_be_approved PASSED [ 11%]
tests/test_cloud_p1_3_durable_approval.py::test_demo_subscription_cannot_be_approved PASSED [ 12%]
tests/test_cloud_p1_3_durable_approval.py::test_inactive_subscription_cannot_be_approved PASSED [ 12%]
tests/test_cloud_p1_3_durable_approval.py::test_inactive_plan_cannot_be_approved PASSED [ 13%]
tests/test_cloud_p1_3_durable_approval.py::test_invalid_missing_template_cannot_be_approved PASSED [ 13%]
tests/test_cloud_p1_3_durable_approval.py::test_enterprise_without_persistent_quote_approval_cannot_be_approved PASSED [ 14%]
tests/test_cloud_p1_3_durable_approval.py::test_valid_approved_request_matches PASSED [ 14%]
tests/test_cloud_p1_3_durable_approval.py::test_adapter_change_invalidates_approval PASSED [ 15%]
tests/test_cloud_p1_3_durable_approval.py::test_template_version_change_invalidates_approval PASSED [ 16%]
tests/test_cloud_p1_3_durable_approval.py::test_plan_package_change_invalidates_approval PASSED [ 16%]
tests/test_cloud_p1_3_durable_approval.py::test_users_storage_change_invalidates_approval PASSED [ 17%]
tests/test_cloud_p1_3_durable_approval.py::test_subdomain_change_invalidates_approval PASSED [ 17%]
tests/test_cloud_p1_3_durable_approval.py::test_unchanged_request_remains_eligible PASSED [ 18%]
tests/test_cloud_p1_3_durable_approval.py::test_no_secret_data_in_fingerprint PASSED [ 18%]
tests/test_cloud_p1_3_durable_approval.py::test_real_claim_skips_both_demo_records PASSED [ 19%]
tests/test_cloud_p1_3_durable_approval.py::test_real_claim_skips_unapproved_local_docker PASSED [ 20%]
tests/test_cloud_p1_3_durable_approval.py::test_real_claim_skips_fingerprint_mismatch PASSED [ 20%]
tests/test_cloud_p1_3_durable_approval.py::test_real_claim_skips_invalid_template PASSED [ 21%]
tests/test_cloud_p1_3_durable_approval.py::test_real_claim_skips_inactive_subscription PASSED [ 21%]
tests/test_cloud_p1_3_durable_approval.py::test_real_claim_skips_enterprise_without_quote_approval PASSED [ 22%]
tests/test_cloud_p1_3_durable_approval.py::test_one_correctly_approved_request_is_claimed PASSED [ 22%]
tests/test_cloud_p1_3_durable_approval.py::test_two_real_workers_retain_atomic_behavior PASSED [ 23%]
tests/test_cloud_p1_3_durable_approval.py::test_ambiguous_legacy_claim_without_explicit_mode_fails_closed PASSED [ 24%]
tests/test_cloud_p1_3_durable_approval.py::test_demo_claim_can_never_claim_real_request PASSED [ 24%]
tests/test_cloud_p1_3_durable_approval.py::test_real_claim_can_never_claim_demo_request PASSED [ 25%]
tests/test_cloud_p1_3_durable_approval.py::test_no_test_creates_runtime_resources PASSED [ 25%]
tests/test_cloud_p1_atomic_concurrency.py::test_p1_1_atomic_claim_single_job_race_two_workers_file_backed PASSED [ 26%]
tests/test_cloud_p1_atomic_concurrency.py::test_p1_1_atomic_claim_two_jobs_two_workers_no_duplication PASSED [ 27%]
tests/test_cloud_p1_atomic_concurrency.py::test_p1_1_atomic_claim_future_next_attempt_not_claimable PASSED [ 27%]
tests/test_cloud_p1_atomic_concurrency.py::test_p1_1_atomic_claim_losing_session_usable_and_stale_not_overwrite_valid_lease PASSED [ 28%]
tests/test_cloud_p1_atomic_concurrency.py::test_p1_1_no_runtime_created_on_concurrent_claim PASSED [ 28%]
tests/test_cloud_p1_contracts.py::test_p1_state_machine_legal_transitions_defined PASSED [ 29%]
tests/test_cloud_p1_contracts.py::test_p1_validate_cloud_transition_helper PASSED [ 29%]
tests/test_cloud_p1_contracts.py::test_p1_transition_requires_runtime_verified PASSED [ 30%]
tests/test_cloud_p1_contracts.py::test_p1_transition_illegal_raises PASSED [ 31%]
tests/test_cloud_p1_contracts.py::test_p1_terminal_cannot_change PASSED  [ 31%]
tests/test_cloud_p1_contracts.py::test_p1_demo_adapter_never_sets_runtime_verified PASSED [ 32%]
tests/test_cloud_p1_contracts.py::test_p1_can_open_odoo_guard PASSED     [ 32%]
tests/test_cloud_p1_contracts.py::test_p1_claim_next_cloud_job_atomic PASSED [ 33%]
tests/test_cloud_p1_contracts.py::test_p1_claim_respects_next_attempt_at_backoff PASSED [ 33%]
tests/test_cloud_p1_contracts.py::test_p1_claim_requires_worker_id PASSED [ 34%]
tests/test_cloud_p1_contracts.py::test_p1_double_worker_concurrency PASSED [ 35%]
tests/test_cloud_p1_contracts.py::test_p1_reconcile_stale_requeues_and_respects_max_attempts PASSED [ 35%]
tests/test_cloud_p1_contracts.py::test_p1_retry_failed_job PASSED        [ 36%]
tests/test_cloud_p1_contracts.py::test_p1_product_line_isolation_on_transition PASSED [ 36%]
tests/test_cloud_p1_contracts.py::test_p1_ownership_isolation_via_service PASSED [ 37%]
tests/test_cloud_p1_contracts.py::test_p1_no_internal_url_leak_in_can_open_odoo PASSED [ 37%]
tests/test_cloud_p1_contracts.py::test_p1_idempotency_no_new_tenant PASSED [ 38%]
tests/test_cloud_p1_contracts.py::test_p1_no_runtime_created_on_claim PASSED [ 39%]
tests/test_cloud_p2_unit.py::test_p2_adapter_rejects_not_approved PASSED [ 39%]
tests/test_cloud_p2_unit.py::test_p2_adapter_rejects_demo_adapter PASSED [ 40%]
tests/test_cloud_p2_unit.py::test_p2_adapter_rejects_invalid_fingerprint PASSED [ 40%]
tests/test_cloud_p2_unit.py::test_p2_adapter_rejects_template_kind_mismatch PASSED [ 41%]
tests/test_cloud_p2_unit.py::test_p2_adapter_rejects_template_version_mismatch PASSED [ 41%]
tests/test_cloud_p2_unit.py::test_p2_adapter_rejects_unvalidated_template PASSED [ 42%]
tests/test_cloud_p2_unit.py::test_p2_identifier_validation_rejects_unsafe PASSED [ 43%]
tests/test_cloud_p2_unit.py::test_p2_rollback_refuses_non_p2 PASSED      [ 43%]
tests/test_cloud_p2_unit.py::test_p2_rollback_idempotent PASSED          [ 44%]
tests/test_cloud_p2_unit.py::test_p2_no_runtime_before_verification PASSED [ 44%]
tests/test_cloud_p2_unit.py::test_p2_cleanup_is_idempotent_no_wildcard PASSED [ 45%]
tests/test_cloud_p2_unit.py::test_p2_no_secrets_in_audit PASSED          [ 45%]
tests/test_cloud_p2_disposable_provisioning.py::test_p2_integration_happy_path_mocked SKIPPED [ 46%]
tests/test_cloud_p2_disposable_provisioning.py::test_p2_integration_failure_injection[before_database_clone] SKIPPED [ 47%]
tests/test_cloud_p2_disposable_provisioning.py::test_p2_integration_failure_injection[after_database_clone] SKIPPED [ 47%]
tests/test_cloud_p2_disposable_provisioning.py::test_p2_integration_failure_injection[before_container_start] SKIPPED [ 48%]
tests/test_cloud_p2_disposable_provisioning.py::test_p2_integration_failure_injection[after_container_start] SKIPPED [ 48%]
tests/test_cloud_p2_disposable_provisioning.py::test_p2_integration_failure_injection[during_health_check] SKIPPED [ 49%]
tests/test_cloud_p2_disposable_provisioning.py::test_p2_integration_failure_injection[after_health_check_before_ready] SKIPPED [ 50%]
tests/test_cloud_p2_disposable_provisioning.py::test_p2_integration_isolation SKIPPED [ 50%]
tests/test_cloud_p2_disposable_provisioning.py::test_p2_integration_concurrency SKIPPED [ 51%]
tests/test_cloud_p3_eligibility_worker.py::test_p3_wrong_product_line_ineligible PASSED [ 51%]
tests/test_cloud_p3_eligibility_worker.py::test_p3_demo_adapter_ineligible PASSED [ 52%]
tests/test_cloud_p3_eligibility_worker.py::test_p3_missing_subscription_ineligible PASSED [ 52%]
tests/test_cloud_p3_eligibility_worker.py::test_p3_inactive_subscription_ineligible PASSED [ 53%]
tests/test_cloud_p3_eligibility_worker.py::test_p3_suspended_subscription_ineligible PASSED [ 54%]
tests/test_cloud_p3_eligibility_worker.py::test_p3_demo_plan_ineligible PASSED [ 54%]
tests/test_cloud_p3_eligibility_worker.py::test_p3_inactive_plan_ineligible PASSED [ 55%]
tests/test_cloud_p3_eligibility_worker.py::test_p3_enterprise_without_quote_ineligible PASSED [ 55%]
tests/test_cloud_p3_eligibility_worker.py::test_p3_missing_template_ineligible PASSED [ 56%]
tests/test_cloud_p3_eligibility_worker.py::test_p3_unvalidated_template_ineligible PASSED [ 56%]
tests/test_cloud_p3_eligibility_worker.py::test_p3_unhealthy_template_ineligible PASSED [ 57%]
tests/test_cloud_p3_eligibility_worker.py::test_p3_template_version_mismatch_ineligible PASSED [ 58%]
tests/test_cloud_p3_eligibility_worker.py::test_p3_not_approved_ineligible PASSED [ 58%]
tests/test_cloud_p3_eligibility_worker.py::test_p3_fingerprint_mismatch_ineligible PASSED [ 59%]
tests/test_cloud_p3_eligibility_worker.py::test_p3_already_claimed_not_reclaimed PASSED [ 59%]
tests/test_cloud_p3_eligibility_worker.py::test_p3_eligibility_check_does_not_create_resources PASSED [ 60%]
tests/test_cloud_p3_eligibility_worker.py::test_p3_demo_queue_never_claimed_by_real_worker PASSED [ 60%]
tests/test_cloud_p3_eligibility_worker.py::test_p3_worker_bounded_single_claim PASSED [ 61%]
tests/test_cloud_p3_eligibility_worker.py::test_p3_import_does_not_create_resources PASSED [ 62%]
tests/test_cloud_p3_eligibility_worker.py::test_p3_rollback_idempotent PASSED [ 62%]
tests/test_cloud_p3_eligibility_worker.py::test_p3_adapter_accepts_claimed_provisioning_status PASSED [ 63%]
tests/test_cloud_p3_eligibility_worker.py::test_p3_adapter_still_rejects_ready_and_rolled_back PASSED [ 63%]
tests/test_cloud_p3_eligibility_worker.py::test_p3_redacted_accepts_kwargs_only PASSED [ 64%]
tests/test_cloud_p3_eligibility_worker.py::test_p3_claim_ownership_cross_worker_isolation PASSED [ 64%]
tests/test_cloud_p3_secret_leakage.py::test_p3_redacted_redacts_all_secret_keys PASSED [ 65%]
tests/test_cloud_p3_secret_leakage.py::test_p3_redacted_kwargs_only PASSED [ 66%]
tests/test_cloud_p3_secret_leakage.py::test_p3_evidence_no_postgres_password_leakage SKIPPED [ 66%]
tests/test_cloud_p3_secret_leakage.py::test_p3_canary_report_sanitized PASSED [ 67%]
tests/test_cloud_p3_secret_leakage.py::test_p3_worker_logs_no_secret_leakage PASSED [ 67%]
tests/test_customer_portal.py::test_public_catalog_no_auth PASSED        [ 68%]
tests/test_customer_portal.py::test_portal_redirects_unauthenticated PASSED [ 68%]
tests/test_customer_portal.py::test_catalog_solution_detail_public PASSED [ 69%]
tests/test_customer_portal.py::test_customer_ownership_isolation PASSED  [ 70%]
tests/test_customer_portal.py::test_idor_subscription_job_tenant PASSED  [ 70%]
tests/test_customer_portal.py::test_duplicate_subscription_blocked PASSED [ 71%]
tests/test_customer_portal.py::test_idempotent_trial_replay PASSED       [ 71%]
tests/test_customer_portal.py::test_trial_queues_worker_not_inline PASSED [ 72%]
tests/test_customer_portal.py::test_customer_view_redacts_infrastructure PASSED [ 72%]
tests/test_customer_portal.py::test_launch_denied_for_suspended PASSED   [ 73%]
tests/test_customer_portal.py::test_localhost_launch_only_when_local PASSED [ 74%]
tests/test_customer_portal.py::test_csrf_validation_unit PASSED          [ 74%]
tests/test_customer_portal.py::test_csrf_rejects_post_without_valid_token PASSED [ 75%]
tests/test_customer_portal.py::test_portal_api_idor PASSED               [ 75%]
tests/test_customer_portal.py::test_entitlement_snapshot_in_subscription PASSED [ 76%]
tests/test_customer_portal.py::test_provisioning_progress_view PASSED    [ 77%]
tests/test_customer_portal.py::test_failed_provisioning_safe_error PASSED [ 77%]
tests/test_dual_journey.py::test_pricing_hub_displays_both_journeys PASSED [ 78%]
tests/test_dual_journey.py::test_platform_pricing_page PASSED            [ 78%]
tests/test_dual_journey.py::test_solutions_routes_redirect_to_catalog PASSED [ 79%]
tests/test_dual_journey.py::test_subscription_integrity_rejects_mixed_types PASSED [ 79%]
tests/test_dual_journey.py::test_solution_trial_creates_one_subscription_only PASSED [ 80%]
tests/test_dual_journey.py::test_solution_trial_does_not_require_platform_plan PASSED [ 81%]
tests/test_dual_journey.py::test_platform_subscriptions_classified PASSED [ 81%]
tests/test_dual_journey.py::test_legacy_classification_no_ambiguous PASSED [ 82%]
tests/test_dual_journey.py::test_portal_separates_solution_and_platform PASSED [ 82%]
tests/test_dual_journey.py::test_customer_owning_both_types_shows_two_sections PASSED [ 83%]
tests/test_dual_journey.py::test_platform_landing_page PASSED            [ 83%]
tests/test_e2e_harness.py::test_e2e_login_absent_without_mode PASSED     [ 84%]
tests/test_e2e_harness.py::test_e2e_login_valid_and_invalid PASSED       [ 85%]
tests/test_e2e_harness.py::test_e2e_state_requires_secret PASSED         [ 85%]
tests/test_e2e_harness.py::test_e2e_clock_and_runtime_absent_without_mode PASSED [ 86%]
tests/test_e2e_harness.py::test_isolated_controls_refuse_install_without_e2e_mode PASSED [ 86%]
tests/test_e2e_harness.py::test_e2e_clock_requires_secret PASSED         [ 87%]
tests/test_helpers_erp_cloud.py::test_cloud_overview_and_pricing_routes PASSED [ 87%]
tests/test_helpers_erp_cloud.py::test_registration_validation PASSED     [ 88%]
tests/test_helpers_erp_cloud.py::test_registration_unique_email_and_login PASSED [ 89%]
tests/test_helpers_erp_cloud.py::test_cloud_login_rejects_github_only_account PASSED [ 89%]
tests/test_helpers_erp_cloud.py::test_wizard_requires_cloud_account PASSED [ 90%]
tests/test_helpers_erp_cloud.py::test_wizard_persistence_and_back_next PASSED [ 90%]
tests/test_helpers_erp_cloud.py::test_supported_version_and_package_compatibility PASSED [ 91%]
tests/test_helpers_erp_cloud.py::test_plan_entitlement_validation PASSED [ 91%]
tests/test_helpers_erp_cloud.py::test_addon_compatibility_and_dependencies PASSED [ 92%]
tests/test_helpers_erp_cloud.py::test_backend_pricing_users_storage_monthly_annual PASSED [ 93%]
tests/test_helpers_erp_cloud.py::test_review_data_integrity_and_checkout_idempotency PASSED [ 93%]
tests/test_helpers_erp_cloud.py::test_provisioning_transitions_and_open_odoo_guard PASSED [ 94%]
tests/test_helpers_erp_cloud.py::test_customer_ownership_isolation PASSED [ 94%]
tests/test_helpers_erp_cloud.py::test_cloud_pages_have_no_github_or_module_upload PASSED [ 95%]
tests/test_helpers_erp_cloud.py::test_cross_product_github_rejected PASSED [ 95%]
tests/test_helpers_erp_cloud.py::test_cloud_records_cannot_become_platform_builds PASSED [ 96%]
tests/test_helpers_erp_cloud.py::test_register_preserves_safe_fields_not_passwords PASSED [ 97%]
tests/test_helpers_erp_cloud.py::test_cloud_login_rejects_open_redirect PASSED [ 97%]
tests/test_helpers_erp_cloud.py::test_cloud_login_rejects_protocol_relative_next PASSED [ 98%]
tests/test_helpers_erp_cloud.py::test_checkout_rejects_missing_csrf PASSED [ 98%]
tests/test_helpers_erp_cloud.py::test_stored_demo_checkout_has_no_card_secrets PASSED [ 99%]
tests/test_helpers_erp_cloud.py::test_passwords_stored_as_pbkdf2 PASSED  [100%]

=============================== warnings summary ===============================
app/main.py:141
  /app/app/main.py:141: DeprecationWarning: 
          on_event is deprecated, use lifespan event handlers instead.
  
          Read more about it in the
          [FastAPI docs for Lifespan Events](https://fastapi.tiangolo.com/advanced/events/).
          
    @app.on_event("startup")

../usr/local/lib/python3.12/site-packages/fastapi/applications.py:4495
  /usr/local/lib/python3.12/site-packages/fastapi/applications.py:4495: DeprecationWarning: 
          on_event is deprecated, use lifespan event handlers instead.
  
          Read more about it in the
          [FastAPI docs for Lifespan Events](https://fastapi.tiangolo.com/advanced/events/).
          
    return self.router.on_event(event_type)

tests/test_customer_portal.py: 2 warnings
tests/test_dual_journey.py: 7 warnings
tests/test_e2e_harness.py: 1 warning
tests/test_helpers_erp_cloud.py: 24 warnings
  /usr/local/lib/python3.12/site-packages/starlette/templating.py:161: DeprecationWarning: The `name` is not the first parameter anymore. The first parameter should be the `Request` instance.
  Replace `TemplateResponse(name, {"request": request})` by `TemplateResponse(request, name)`.
    warnings.warn(

-- Docs: https://docs.pytest.org/en/stable/how-to/capture-warnings.html
=========== 164 passed, 10 skipped, 36 warnings in 113.14s (0:01:53) ===========
